// 重构日志: fae03c66
// 重构日志: dbb133e3
// 重构日志: e3f04528
// 重构日志: 28de90a2
// 重构日志: 22e791cc
// 重构日志: c505358e
// 重构日志: 379f2716
// 重构日志: 2cb738f6
// 重构日志: 3278b3cf
// 重构日志: 526e32ac
// 重构日志: 852d7d8d
// 重构日志: 4cd7a110
// 重构日志: 8625d89b
// 重构日志: 1b540c8d
// 重构日志: ce974082
// 同步 ID: 240a5723 @ Mon Aug  3 19:57:42 UTC 2026
// 同步 ID: d0b51bd9 @ Tue Aug  4 12:52:37 UTC 2026
// 重构日志: 0b593b02
// 重构日志: 5ba14031
// 同步 ID: 018e5764 @ Wed Aug  5 18:57:29 UTC 2026
// 重构日志: 07756739
// 同步 ID: d88666ee @ Fri Aug  7 04:22:17 UTC 2026
// 重构日志: 4e601880
// 同步 ID: 6f5f885b @ Fri Aug  7 17:31:09 UTC 2026
// 重构日志: 080b5454
// 重构日志: 41e3c9f3
// 同步 ID: 446ef676 @ Sat Aug  8 04:25:37 UTC 2026
// 重构日志: 051fb981
// 重构日志: 119f6b73
// 同步 ID: 116446e8 @ Sat Aug  8 12:10:43 UTC 2026
// 重构日志: 4e871323
